       ==== 원본 코드 ====       Encoded    Opcode Operand 
[0001] %void dfs(int tree[], int size, int index) {
[0002] %  if (index > size)    
[0003] %    return;            
[0004] %                       
[0005] %  printf("%d ", tree[index]);
[0006] %  dfs(tree, size, index * 2);
[0007] %  dfs(tree, size, index * 2 + 1);
[0008] %}                      
[0009] %                       
[0010] %int main() {           
[0011] %  int tree[10];        
[0012] %  int size = 10;       
[0013] %  int i = 1;           
[0014] %  while (i <= size) {  
[0015] %    tree[i] = i;       
[0016] %    i++;               
[0017] %  }                    
[0018] %                       
[0019] %  printf("DFS (Preorder): ");
[0020] %  dfs(tree, size, 1);  
[0021] %                       
[0022] %  return 0;            
[0023] %}                      
[0024] % 프로그램 시작   
[0025]            bgn 0        
[0026]            ldp           0x08000000 2      0        
[0027]            call main     0x10000003 4      3        
[0028]            end           0x04000000 1      0        
[0029] % main 함수 시작    
[0030] main       proc 13       0x0000000D 0      13       
[0031] % i                     
[0032]            sym 2 0 1    
[0033] % tree[]                
[0034]            sym 2 1 11   
[0035] % size                  
[0036]            sym 2 12 1   
[0037] % size = 10             
[0038]            ldc 10        0x4800000A 22     10       
[0039]            str 2 12      0x4C000002 23     2        
[0040] % i = 0                 
[0041]            ldc 0         0x48000000 22     0        
[0042]            str 2 0       0x4C000000 23     0        
[0043] % while 시작          
[0044] $$0        nop          
[0045] % 조건: i < size      
[0046]            lod 2 0       0x40000000 20     0        
[0047]            lod 2 12      0x40000002 20     2        
[0048]            le            0x6C000000 33     0        
[0049]            fjp $$1       0x28000016 12     22       
[0050] % tree[i] = i           
[0051]            lda 2 1       0x44000001 21     1        
[0052]            lod 2 0       0x40000000 20     0        
[0053]            sub           0x84000000 41     0        
[0054]            lod 2 0       0x40000000 20     0        
[0055]            sti           0x54000000 25     0        
[0056] % i++                   
[0057]            lod 2 0       0x40000000 20     0        
[0058]            ldc 1         0x48000001 22     1        
[0059]            add           0x80000000 40     0        
[0060]            str 2 0       0x4C000000 23     0        
[0061] % 반복 점프         
[0062]            ujp $$0       0x20000008 10     8        
[0063] % while 종료          
[0064] $$1        nop          
[0065] % dfs(tree, size, 1) 호출 준비
[0066]            ldp           0x08000000 2      0        
[0067]            lda 2 1       0x44000001 21     1        
[0068]            push          0x0C000000 3      0        
[0069]            lod 2 12      0x40000002 20     2        
[0070]            push          0x0C000000 3      0        
[0071]            ldc 1         0x48000001 22     1        
[0072]            push          0x0C000000 3      0        
[0073]            call dfs      0x1000001F 4      31       
[0074]            ret           0x04000000 1      0        
[0075] % dfs 함수 시작     
[0076] dfs        proc 5        0x00000005 0      5        
[0077] % tree[]                
[0078]            sym 3 0 1    
[0079] % size                  
[0080]            sym 3 1 1    
[0081] % index                 
[0082]            sym 3 2 1    
[0083] % left                  
[0084]            sym 3 3 1    
[0085] % right                 
[0086]            sym 3 4 1    
[0087] % if (index > size) return;
[0088]            lod 3 2       0x40000005 20     5        
[0089]            lod 3 1       0x40000004 20     4        
[0090]            gt            0x60000000 30     0        
[0091]            tjp $$RET     0x24000045 11     69       
[0092] % write(tree[index])    
[0093]            ldp           0x08000000 2      0        
[0094]            lod 3 0       0x40000003 20     3        
[0095]            lod 3 2       0x40000005 20     5        
[0096]            sub           0x84000000 41     0        
[0097]            ldi           0x50000000 24     0        
[0098]            push          0x0C000000 3      0        
[0099]            call write    0x13FFFFFE 4      -2       
[0100] % left = index * 2      
[0101]            lod 3 2       0x40000005 20     5        
[0102]            ldc 2         0x48000002 22     2        
[0103]            mult          0x88000000 42     0        
[0104]            str 3 3       0x4C000006 23     6        
[0105] % right = index * 2 + 1 
[0106]            lod 3 2       0x40000005 20     5        
[0107]            ldc 2         0x48000002 22     2        
[0108]            mult          0x88000000 42     0        
[0109]            ldc 1         0x48000001 22     1        
[0110]            add           0x80000000 40     0        
[0111]            str 3 4       0x4C000007 23     7        
[0112] % dfs(tree, size, left) 
[0113]            ldp           0x08000000 2      0        
[0114]            lod 3 0       0x40000003 20     3        
[0115]            push          0x0C000000 3      0        
[0116]            lod 3 1       0x40000004 20     4        
[0117]            push          0x0C000000 3      0        
[0118]            lod 3 3       0x40000006 20     6        
[0119]            push          0x0C000000 3      0        
[0120]            call dfs      0x1000001F 4      31       
[0121] % dfs(tree, size, right)
[0122]            ldp           0x08000000 2      0        
[0123]            lod 3 0       0x40000003 20     3        
[0124]            push          0x0C000000 3      0        
[0125]            lod 3 1       0x40000004 20     4        
[0126]            push          0x0C000000 3      0        
[0127]            lod 3 4       0x40000007 20     7        
[0128]            push          0x0C000000 3      0        
[0129]            call dfs      0x1000001F 4      31       
[0130] $$RET      ret           0x04000003 1      3        

===========실행 결과=========
1 2 4 8 9 5 10 3 6 7 

========명령어 사용 횟수======
proc  =   2     ret   =   3     ldp   =   5    
push  =  10     call  =   5     ujp   =   1    
tjp   =   1     fjp   =   1     lod   =  18    
lda   =   2     ldc   =   7     str   =   5    
ldi   =   1     sti   =   1     gt    =   1    
lt    =   0     ge    =   0     le    =   1    
eq    =   0     ne    =   0     and   =   0    
or    =   0     add   =   2     sub   =   2    
mult  =   2     div   =   0     mod   =   0    
not   =   0     neg   =   0     dup   =   0    

======명령어 실행 횟수======
proc  =  22     ret   =  23     ldp   =  32    
push  =  73     call  =  32     ujp   =  11    
tjp   =  21     fjp   =  12     lod   = 200    
lda   =  12     ldc   =  44     str   =  33    
ldi   =  10     sti   =  11     gt    =  21    
lt    =   0     ge    =   0     le    =  12    
eq    =   0     ne    =   0     and   =   0    
or    =   0     add   =  21     sub   =  21    
mult  =  20     div   =   0     mod   =   0    
not   =   0     neg   =   0     dup   =   0    

======기타 통계======
메모리 접근 횟수 = 449
