       ==== 원본 코드 ====       Encoded    Opcode Operand 
[0001] % int main() {          
[0002] %   int a[5];           
[0003] %   int n = 5;          
[0004] %   int i = 0, j;       
[0005] %                       
[0006] %   // input            
[0007] %   while (i < n) {     
[0008] %     read(&a[i]);      
[0009] %     i++;              
[0010] %   }                   
[0011] %                       
[0012] %   // bubble sort      
[0013] %   for (i = 0; i < n - 1; i++) {
[0014] %     for (j = 0; j < n - 1 - i; j++) {
[0015] %       if (a[j] > a[j+1]) {
[0016] %         int temp = a[j];
[0017] %         a[j] = a[j+1];
[0018] %         a[j+1] = temp;
[0019] %       }               
[0020] %     }                 
[0021] %   }                   
[0022] %                       
[0023] %   // print            
[0024] %   for (i = 0; i < n; i++)
[0025] %     write(a[i]);      
[0026] % }                     
[0027] % 프로그램 시작   
[0028]            bgn 0        
[0029]            ldp           0x08000000 2      0        
[0030]            call main     0x10000003 4      3        
[0031]            end           0x04000000 1      0        
[0032] % main                  
[0033] main       proc 20       0x00000014 0      20       
[0034] % i, j, n, temp, a[5]   
[0035]            sym 2 0 1    
[0036]            sym 2 1 1    
[0037]            sym 2 2 1    
[0038]            sym 2 3 1    
[0039]            sym 2 4 5    
[0040] % n = 5                 
[0041]            ldc 5         0x48000005 22     5        
[0042]            str 2 2       0x4C000002 23     2        
[0043] % i = 0                 
[0044]            ldc 0         0x48000000 22     0        
[0045]            str 2 0       0x4C000000 23     0        
[0046] % 입력 5개           
[0047] $$INPUT    nop          
[0048]            lod 2 0       0x40000000 20     0        
[0049]            lod 2 2       0x40000002 20     2        
[0050]            ge            0x68000000 32     0        
[0051]            tjp $$END_INP 0x24000017 11     23       
[0052]            lda 2 4       0x44000004 21     4        
[0053]            lod 2 0       0x40000000 20     0        
[0054]            sub           0x84000000 41     0        
[0055]            push          0x0C000000 3      0        
[0056]            ldp           0x08000000 2      0        
[0057]            call read     0x13FFFFFF 4      -1       
[0058]            lod 2 0       0x40000000 20     0        
[0059]            ldc 1         0x48000001 22     1        
[0060]            add           0x80000000 40     0        
[0061]            str 2 0       0x4C000000 23     0        
[0062]            ujp $$INPUT   0x20000008 10     8        
[0063] $$END_INP  nop          
[0064] % bubble sort           
[0065]            ldc 0         0x48000000 22     0        
[0066]            str 2 0       0x4C000000 23     0        
[0067] $$I        nop          
[0068]            lod 2 0       0x40000000 20     0        
[0069]            lod 2 2       0x40000002 20     2        
[0070]            ldc 1         0x48000001 22     1        
[0071]            sub           0x84000000 41     0        
[0072]            ge            0x68000000 32     0        
[0073]            tjp $$END_SORT 0x24000055 11     85       
[0074]            ldc 0         0x48000000 22     0        
[0075]            str 2 1       0x4C000001 23     1        
[0076] $$J        nop          
[0077]            lod 2 1       0x40000001 20     1        
[0078]            lod 2 2       0x40000002 20     2        
[0079]            ldc 1         0x48000001 22     1        
[0080]            sub           0x84000000 41     0        
[0081]            lod 2 0       0x40000000 20     0        
[0082]            sub           0x84000000 41     0        
[0083]            ge            0x68000000 32     0        
[0084]            tjp $$NEXT_I  0x24000050 11     80       
[0085] % if (a[j] > a[j+1])    
[0086]            lda 2 4       0x44000004 21     4        
[0087]            lod 2 1       0x40000001 20     1        
[0088]            sub           0x84000000 41     0        
[0089]            ldi           0x50000000 24     0        
[0090]            lda 2 4       0x44000004 21     4        
[0091]            lod 2 1       0x40000001 20     1        
[0092]            ldc 1         0x48000001 22     1        
[0093]            add           0x80000000 40     0        
[0094]            sub           0x84000000 41     0        
[0095]            ldi           0x50000000 24     0        
[0096]            gt            0x60000000 30     0        
[0097]            fjp $$NO_SWAP 0x2800004B 12     75       
[0098] % temp = a[j]           
[0099]            lda 2 4       0x44000004 21     4        
[0100]            lod 2 1       0x40000001 20     1        
[0101]            sub           0x84000000 41     0        
[0102]            ldi           0x50000000 24     0        
[0103]            str 2 3       0x4C000003 23     3        
[0104] % a[j] = a[j+1]         
[0105]            lda 2 4       0x44000004 21     4        
[0106]            lod 2 1       0x40000001 20     1        
[0107]            sub           0x84000000 41     0        
[0108]            lda 2 4       0x44000004 21     4        
[0109]            lod 2 1       0x40000001 20     1        
[0110]            ldc 1         0x48000001 22     1        
[0111]            add           0x80000000 40     0        
[0112]            sub           0x84000000 41     0        
[0113]            ldi           0x50000000 24     0        
[0114]            sti           0x54000000 25     0        
[0115] % a[j+1] = temp         
[0116]            lda 2 4       0x44000004 21     4        
[0117]            lod 2 1       0x40000001 20     1        
[0118]            ldc 1         0x48000001 22     1        
[0119]            add           0x80000000 40     0        
[0120]            sub           0x84000000 41     0        
[0121]            lod 2 3       0x40000003 20     3        
[0122]            sti           0x54000000 25     0        
[0123] $$NO_SWAP  nop          
[0124]            lod 2 1       0x40000001 20     1        
[0125]            ldc 1         0x48000001 22     1        
[0126]            add           0x80000000 40     0        
[0127]            str 2 1       0x4C000001 23     1        
[0128]            ujp $$J       0x20000021 10     33       
[0129] $$NEXT_I   nop          
[0130]            lod 2 0       0x40000000 20     0        
[0131]            ldc 1         0x48000001 22     1        
[0132]            add           0x80000000 40     0        
[0133]            str 2 0       0x4C000000 23     0        
[0134]            ujp $$I       0x20000019 10     25       
[0135] $$END_SORT nop          
[0136] % 출력                
[0137]            ldc 0         0x48000000 22     0        
[0138]            str 2 0       0x4C000000 23     0        
[0139] $$PRINT    nop          
[0140]            lod 2 0       0x40000000 20     0        
[0141]            lod 2 2       0x40000002 20     2        
[0142]            lt            0x64000000 31     0        
[0143]            fjp $$FINISH  0x28000067 12     103      
[0144]            ldp           0x08000000 2      0        
[0145]            lda 2 4       0x44000004 21     4        
[0146]            lod 2 0       0x40000000 20     0        
[0147]            sub           0x84000000 41     0        
[0148]            ldi           0x50000000 24     0        
[0149]            push          0x0C000000 3      0        
[0150]            call write    0x13FFFFFE 4      -2       
[0151]            lod 2 0       0x40000000 20     0        
[0152]            ldc 1         0x48000001 22     1        
[0153]            add           0x80000000 40     0        
[0154]            str 2 0       0x4C000000 23     0        
[0155]            ujp $$PRINT   0x20000057 10     87       
[0156] $$FINISH   nop          
[0157]            ret           0x04000000 1      0        

===========실행 결과=========
2 5 7 9 10 

========명령어 사용 횟수======
proc  =   1     ret   =   2     ldp   =   3    
push  =   2     call  =   3     ujp   =   4    
tjp   =   3     fjp   =   2     lod   =  22    
lda   =   8     ldc   =  14     str   =  10    
ldi   =   5     sti   =   2     gt    =   1    
lt    =   1     ge    =   3     le    =   0    
eq    =   0     ne    =   0     and   =   0    
or    =   0     add   =   7     sub   =  11    
mult  =   0     div   =   0     mod   =   0    
not   =   0     neg   =   0     dup   =   0    

======명령어 실행 횟수======
proc  =   1     ret   =   2     ldp   =  11    
push  =  10     call  =  11     ujp   =  24    
tjp   =  25     fjp   =  16     lod   = 155    
lda   =  50     ldc   =  71     str   =  37    
ldi   =  35     sti   =  10     gt    =  10    
lt    =   6     ge    =  25     le    =   0    
eq    =   0     ne    =   0     and   =   0    
or    =   0     add   =  44     sub   =  83    
mult  =   0     div   =   0     mod   =   0    
not   =   0     neg   =   0     dup   =   0    

======기타 통계======
메모리 접근 횟수 = 323
