       ==== 원본 코드 ====       Encoded    Opcode Operand 
[0001]            bgn 0        
[0002]            ldp           0x08000000 2      0        
[0003]            call main     0x10000003 4      3        
[0004]            end           0x04000000 1      0        
[0005] main       proc 20       0x00000014 0      20       
[0006]            sym 2 0 1    
[0007]            sym 2 1 1    
[0008]            sym 2 2 1    
[0009]            sym 2 3 1    
[0010]            sym 2 4 5    
[0011]            ldc 5         0x48000005 22     5        
[0012]            str 2 2       0x4C000002 23     2        
[0013]            ldc 0         0x48000000 22     0        
[0014]            str 2 0       0x4C000000 23     0        
[0015] %입력받기(5개)     
[0016] $$INPUT    nop          
[0017]            lod 2 0       0x40000000 20     0        
[0018]            lod 2 2       0x40000002 20     2        
[0019]            ge            0x68000000 32     0        
[0020]            tjp $$END_INP 0x24000017 11     23       
[0021]            lda 2 4       0x44000004 21     4        
[0022]            lod 2 0       0x40000000 20     0        
[0023]            sub           0x84000000 41     0        
[0024]            push          0x0C000000 3      0        
[0025]            ldp           0x08000000 2      0        
[0026]            call read     0x13FFFFFF 4      -1       
[0027]            lod 2 0       0x40000000 20     0        
[0028]            ldc 1         0x48000001 22     1        
[0029]            add           0x80000000 40     0        
[0030]            str 2 0       0x4C000000 23     0        
[0031]            ujp $$INPUT   0x20000008 10     8        
[0032] $$END_INP  nop          
[0033] %정렬                 
[0034]            ldc 0         0x48000000 22     0        
[0035]            str 2 0       0x4C000000 23     0        
[0036] $$I        nop          
[0037]            lod 2 0       0x40000000 20     0        
[0038]            lod 2 2       0x40000002 20     2        
[0039]            ldc 1         0x48000001 22     1        
[0040]            sub           0x84000000 41     0        
[0041]            ge            0x68000000 32     0        
[0042]            tjp $$END_SORT 0x24000055 11     85       
[0043]            ldc 0         0x48000000 22     0        
[0044]            str 2 1       0x4C000001 23     1        
[0045] $$J        nop          
[0046]            lod 2 1       0x40000001 20     1        
[0047]            lod 2 2       0x40000002 20     2        
[0048]            ldc 1         0x48000001 22     1        
[0049]            sub           0x84000000 41     0        
[0050]            lod 2 0       0x40000000 20     0        
[0051]            sub           0x84000000 41     0        
[0052]            ge            0x68000000 32     0        
[0053]            tjp $$NEXT_I  0x24000050 11     80       
[0054]            lda 2 4       0x44000004 21     4        
[0055]            lod 2 1       0x40000001 20     1        
[0056]            sub           0x84000000 41     0        
[0057]            ldi           0x50000000 24     0        
[0058]            lda 2 4       0x44000004 21     4        
[0059]            lod 2 1       0x40000001 20     1        
[0060]            ldc 1         0x48000001 22     1        
[0061]            add           0x80000000 40     0        
[0062]            sub           0x84000000 41     0        
[0063]            ldi           0x50000000 24     0        
[0064]            gt            0x60000000 30     0        
[0065]            fjp $$NO_SWAP 0x2800004B 12     75       
[0066] %temp = a[j]            
[0067]            lda 2 4       0x44000004 21     4        
[0068]            lod 2 1       0x40000001 20     1        
[0069]            sub           0x84000000 41     0        
[0070]            ldi           0x50000000 24     0        
[0071]            str 2 3       0x4C000003 23     3        
[0072] %a[j] = a[j+1]          
[0073]            lda 2 4       0x44000004 21     4        
[0074]            lod 2 1       0x40000001 20     1        
[0075]            sub           0x84000000 41     0        
[0076]            lda 2 4       0x44000004 21     4        
[0077]            lod 2 1       0x40000001 20     1        
[0078]            ldc 1         0x48000001 22     1        
[0079]            add           0x80000000 40     0        
[0080]            sub           0x84000000 41     0        
[0081]            ldi           0x50000000 24     0        
[0082]            sti           0x54000000 25     0        
[0083] %a[j+1] = temp          
[0084]            lda 2 4       0x44000004 21     4        
[0085]            lod 2 1       0x40000001 20     1        
[0086]            ldc 1         0x48000001 22     1        
[0087]            add           0x80000000 40     0        
[0088]            sub           0x84000000 41     0        
[0089]            lod 2 3       0x40000003 20     3        
[0090]            sti           0x54000000 25     0        
[0091] $$NO_SWAP  nop          
[0092]            lod 2 1       0x40000001 20     1        
[0093]            ldc 1         0x48000001 22     1        
[0094]            add           0x80000000 40     0        
[0095]            str 2 1       0x4C000001 23     1        
[0096]            ujp $$J       0x20000021 10     33       
[0097] $$NEXT_I   nop          
[0098]            lod 2 0       0x40000000 20     0        
[0099]            ldc 1         0x48000001 22     1        
[0100]            add           0x80000000 40     0        
[0101]            str 2 0       0x4C000000 23     0        
[0102]            ujp $$I       0x20000019 10     25       
[0103] $$END_SORT nop          
[0104] % 결과 출력         
[0105]            ldc 0         0x48000000 22     0        
[0106]            str 2 0       0x4C000000 23     0        
[0107] $$PRINT    nop          
[0108]            lod 2 0       0x40000000 20     0        
[0109]            lod 2 2       0x40000002 20     2        
[0110]            lt            0x64000000 31     0        
[0111]            fjp $$FINISH  0x28000067 12     103      
[0112]            ldp           0x08000000 2      0        
[0113]            lda 2 4       0x44000004 21     4        
[0114]            lod 2 0       0x40000000 20     0        
[0115]            sub           0x84000000 41     0        
[0116]            ldi           0x50000000 24     0        
[0117]            push          0x0C000000 3      0        
[0118]            call write    0x13FFFFFE 4      -2       
[0119]            lod 2 0       0x40000000 20     0        
[0120]            ldc 1         0x48000001 22     1        
[0121]            add           0x80000000 40     0        
[0122]            str 2 0       0x4C000000 23     0        
[0123]            ujp $$PRINT   0x20000057 10     87       
[0124] $$FINISH   nop          
[0125]            ret           0x04000000 1      0        

===========실행 결과=========
1 2 5 5 8 

========명령어 사용 횟수======
proc  =   1     ret   =   2     ldp   =   3    
push  =   2     call  =   3     ujp   =   4    
tjp   =   3     fjp   =   2     lod   =  22    
lda   =   8     ldc   =  14     str   =  10    
ldi   =   5     sti   =   2     gt    =   1    
lt    =   1     ge    =   3     le    =   0    
eq    =   0     ne    =   0     and   =   0    
or    =   0     add   =   7     sub   =  11    
mult  =   0     div   =   0     mod   =   0    
not   =   0     neg   =   0     dup   =   0    

======명령어 실행 횟수======
proc  =   1     ret   =   2     ldp   =  11    
push  =  10     call  =  11     ujp   =  24    
tjp   =  25     fjp   =  16     lod   = 155    
lda   =  50     ldc   =  71     str   =  37    
ldi   =  35     sti   =  10     gt    =  10    
lt    =   6     ge    =  25     le    =   0    
eq    =   0     ne    =   0     and   =   0    
or    =   0     add   =  44     sub   =  83    
mult  =   0     div   =   0     mod   =   0    
not   =   0     neg   =   0     dup   =   0    

======기타 통계======
메모리 접근 횟수 = 323
