       ==== 원본 코드 ====       Encoded    Opcode Operand 
[0001]            bgn 55000    
[0002]            sym 1 0 55000
[0003]            ldp           0x08000000 2      0        
[0004]            call main     0x10000003 4      3        
[0005]            end           0x04000000 1      0        
[0006] main       proc 1        0x00000001 0      1        
[0007] %n                      
[0008]            sym 2 0 1    
[0009] %읽기                 
[0010]            ldp           0x08000000 2      0        
[0011]            lda 2 0       0x44000001 21     1        
[0012]            push          0x0C000000 3      0        
[0013]            call read     0x13FFFFFF 4      -1       
[0014] %n을 인자로 fib 호출
[0015]            ldp           0x08000000 2      0        
[0016]            lod 2 0       0x40000001 20     1        
[0017]            push          0x0C000000 3      0        
[0018]            call fib      0x10000010 4      16       
[0019] %fib가 cpu 스택에 결과 적재
[0020]            ldp           0x08000000 2      0        
[0021]            push          0x0C000000 3      0        
[0022]            call write    0x13FFFFFE 4      -2       
[0023]            ret           0x04000000 1      0        
[0024]                         
[0025] fib        proc 501      0x000001F5 0      501      
[0026]            sym 3 0 1    
[0027]            sym 3 1 500  
[0028]            lod 3 0       0x40000002 20     2        
[0029]            ldc 1         0x48000001 22     1        
[0030]            le            0x6C000000 33     0        
[0031]            tjp $$LODR    0x24000023 11     35       
[0032] $$RECUR    nop          
[0033]            lod 3 0       0x40000002 20     2        
[0034]            ldc 1         0x48000001 22     1        
[0035]            sub           0x84000000 41     0        
[0036]            ldp           0x08000000 2      0        
[0037]            push          0x0C000000 3      0        
[0038]            call fib      0x10000010 4      16       
[0039]                         
[0040]            lod 3 0       0x40000002 20     2        
[0041]            ldc 2         0x48000002 22     2        
[0042]            sub           0x84000000 41     0        
[0043]            ldp           0x08000000 2      0        
[0044]            push          0x0C000000 3      0        
[0045]            call fib      0x10000010 4      16       
[0046]            add           0x80000000 40     0        
[0047]            ujp $$RET     0x20000024 10     36       
[0048] $$LODR     lod 3 0       0x40000002 20     2        
[0049] $$RET      ret           0x04000001 1      1        

===========실행 결과=========
6765 

========명령어 사용 횟수======
proc  =   2     ret   =   3     ldp   =   6    
push  =   5     call  =   6     ujp   =   1    
tjp   =   1     fjp   =   0     lod   =   5    
lda   =   1     ldc   =   3     str   =   0    
ldi   =   0     sti   =   0     gt    =   0    
lt    =   0     ge    =   0     le    =   1    
eq    =   0     ne    =   0     and   =   0    
or    =   0     add   =   1     sub   =   2    
mult  =   0     div   =   0     mod   =   0    
not   =   0     neg   =   0     dup   =   0    

======명령어 실행 횟수======
proc  = 21892     ret   = 21893     ldp   = 21894    
push  = 21893     call  = 21894     ujp   = 10945    
tjp   = 21891     fjp   =   0     lod   = 54728    
lda   =   1     ldc   = 43781     str   =   0    
ldi   =   0     sti   =   0     gt    =   0    
lt    =   0     ge    =   0     le    = 21891    
eq    =   0     ne    =   0     and   =   0    
or    =   0     add   = 10945     sub   = 21890    
mult  =   0     div   =   0     mod   =   0    
not   =   0     neg   =   0     dup   =   0    

======기타 통계======
메모리 접근 횟수 = 164196
