       ==== 원본 코드 ====       Encoded    Opcode Operand 
[0001] % int fib(int n) {      
[0002] %   if (n <= 1) return n;
[0003] %   return fib(n-1) + fib(n-2);
[0004] % }                     
[0005] %                       
[0006] % int main() {          
[0007] %   int n;              
[0008] %   read(&n);           
[0009] %   write(fib(n));      
[0010] %   return 0;           
[0011] % }                     
[0012] % 프로그램 시작   
[0013] % 전역변수 공간을 늘리기 위해 bgn 55000 사용
[0014]            bgn 55000    
[0015]            sym 1 0 55000
[0016]            ldp           0x08000000 2      0        
[0017]            call main     0x10000003 4      3        
[0018]            end           0x04000000 1      0        
[0019] % main                  
[0020] main       proc 1        0x00000001 0      1        
[0021] % n                     
[0022]            sym 2 0 1    
[0023] % read n                
[0024]            ldp           0x08000000 2      0        
[0025]            lda 2 0       0x44000001 21     1        
[0026]            push          0x0C000000 3      0        
[0027]            call read     0x13FFFFFF 4      -1       
[0028] % fib(n)                
[0029]            ldp           0x08000000 2      0        
[0030]            lod 2 0       0x40000001 20     1        
[0031]            push          0x0C000000 3      0        
[0032]            call fib      0x10000010 4      16       
[0033] % print result          
[0034]            ldp           0x08000000 2      0        
[0035]            push          0x0C000000 3      0        
[0036]            call write    0x13FFFFFE 4      -2       
[0037]            ret           0x04000000 1      0        
[0038] % fib 함수            
[0039] fib        proc 501      0x000001F5 0      501      
[0040] % n                     
[0041]            sym 3 0 1    
[0042] % 함수 프레임을 늘리기 위한 더미
[0043]            sym 3 1 500  
[0044] % if (n <= 1) return n; 
[0045]            lod 3 0       0x40000002 20     2        
[0046]            ldc 1         0x48000001 22     1        
[0047]            le            0x6C000000 33     0        
[0048]            tjp $$LODR    0x24000023 11     35       
[0049] % fib(n-1)              
[0050] $$RECUR    nop          
[0051]            lod 3 0       0x40000002 20     2        
[0052]            ldc 1         0x48000001 22     1        
[0053]            sub           0x84000000 41     0        
[0054]            ldp           0x08000000 2      0        
[0055]            push          0x0C000000 3      0        
[0056]            call fib      0x10000010 4      16       
[0057] % fib(n-2)              
[0058]            lod 3 0       0x40000002 20     2        
[0059]            ldc 2         0x48000002 22     2        
[0060]            sub           0x84000000 41     0        
[0061]            ldp           0x08000000 2      0        
[0062]            push          0x0C000000 3      0        
[0063]            call fib      0x10000010 4      16       
[0064]            add           0x80000000 40     0        
[0065]            ujp $$RET     0x20000024 10     36       
[0066] $$LODR     lod 3 0       0x40000002 20     2        
[0067] $$RET      ret           0x04000001 1      1        

===========실행 결과=========
377 

========명령어 사용 횟수======
proc  =   2     ret   =   3     ldp   =   6    
push  =   5     call  =   6     ujp   =   1    
tjp   =   1     fjp   =   0     lod   =   5    
lda   =   1     ldc   =   3     str   =   0    
ldi   =   0     sti   =   0     gt    =   0    
lt    =   0     ge    =   0     le    =   1    
eq    =   0     ne    =   0     and   =   0    
or    =   0     add   =   1     sub   =   2    
mult  =   0     div   =   0     mod   =   0    
not   =   0     neg   =   0     dup   =   0    

======명령어 실행 횟수======
proc  = 1220     ret   = 1221     ldp   = 1222    
push  = 1221     call  = 1222     ujp   = 609    
tjp   = 1219     fjp   =   0     lod   = 3048    
lda   =   1     ldc   = 2437     str   =   0    
ldi   =   0     sti   =   0     gt    =   0    
lt    =   0     ge    =   0     le    = 1219    
eq    =   0     ne    =   0     and   =   0    
or    =   0     add   = 609     sub   = 1218    
mult  =   0     div   =   0     mod   =   0    
not   =   0     neg   =   0     dup   =   0    

======기타 통계======
메모리 접근 횟수 = 9156
