       ==== 원본 코드 ====       Encoded    Opcode Operand 
[0001]            bgn 0        
[0002]            ldp           0x08000000 2      0        
[0003]            call main     0x10000003 4      3        
[0004]            end           0x04000000 1      0        
[0005] main       proc 1        0x00000001 0      1        
[0006] %n                      
[0007]            sym 2 0 1    
[0008] %읽기                 
[0009]            ldp           0x08000000 2      0        
[0010]            lda 2 0       0x44000000 21     0        
[0011]            push          0x0C000000 3      0        
[0012]            call read     0x13FFFFFF 4      -1       
[0013] %n을 인자로 fib 호출
[0014]            ldp           0x08000000 2      0        
[0015]            lod 2 0       0x40000000 20     0        
[0016]            push          0x0C000000 3      0        
[0017]            call fib      0x10000010 4      16       
[0018] %fib가 cpu 스택에 결과 적재
[0019]            ldp           0x08000000 2      0        
[0020]            push          0x0C000000 3      0        
[0021]            call write    0x13FFFFFE 4      -2       
[0022]            ret           0x04000000 1      0        
[0023]                         
[0024] fib        proc 1        0x00000001 0      1        
[0025]            sym 3 0 1    
[0026]            lod 3 0       0x40000001 20     1        
[0027]            ldc 1         0x48000001 22     1        
[0028]            le            0x6C000000 33     0        
[0029]            tjp $$LODR    0x24000023 11     35       
[0030] $$RECUR    nop          
[0031]            lod 3 0       0x40000001 20     1        
[0032]            ldc 1         0x48000001 22     1        
[0033]            sub           0x84000000 41     0        
[0034]            ldp           0x08000000 2      0        
[0035]            push          0x0C000000 3      0        
[0036]            call fib      0x10000010 4      16       
[0037]                         
[0038]            lod 3 0       0x40000001 20     1        
[0039]            ldc 2         0x48000002 22     2        
[0040]            sub           0x84000000 41     0        
[0041]            ldp           0x08000000 2      0        
[0042]            push          0x0C000000 3      0        
[0043]            call fib      0x10000010 4      16       
[0044]            add           0x80000000 40     0        
[0045]            ujp $$RET     0x20000024 10     36       
[0046] $$LODR     lod 3 0       0x40000001 20     1        
[0047] $$RET      ret           0x04000001 1      1        

===========실행 결과=========
832040 

========명령어 사용 횟수======
proc  =   2     ret   =   3     ldp   =   6    
push  =   5     call  =   6     ujp   =   1    
tjp   =   1     fjp   =   0     lod   =   5    
lda   =   1     ldc   =   3     str   =   0    
ldi   =   0     sti   =   0     gt    =   0    
lt    =   0     ge    =   0     le    =   1    
eq    =   0     ne    =   0     and   =   0    
or    =   0     add   =   1     sub   =   2    
mult  =   0     div   =   0     mod   =   0    
not   =   0     neg   =   0     dup   =   0    

======명령어 실행 횟수======
proc  = 2692538     ret   = 2692539     ldp   = 2692540    
push  = 2692539     call  = 2692540     ujp   = 1346268    
tjp   = 2692537     fjp   =   0     lod   = 6731343    
lda   =   1     ldc   = 5385073     str   =   0    
ldi   =   0     sti   =   0     gt    =   0    
lt    =   0     ge    =   0     le    = 2692537    
eq    =   0     ne    =   0     and   =   0    
or    =   0     add   = 1346268     sub   = 2692536    
mult  =   0     div   =   0     mod   =   0    
not   =   0     neg   =   0     dup   =   0    

======기타 통계======
메모리 접근 횟수 = 20194041
