       ==== 원본 코드 ====       Encoded    Opcode Operand 
[0001]            bgn 1        
[0002]            sym 1 0 1    
[0003]            ldc 10        0x4800000A 22     10       
[0004]            str 1 0       0x4C000000 23     0        
[0005]            ldp           0x08000000 2      0        
[0006]            call main     0x10000005 4      5        
[0007]            end           0x04000000 1      0        
[0008] main       proc 12       0x0000000C 0      12       
[0009]            sym 2 0 1    
[0010]            sym 2 1 10   
[0011]            sym 2 11 1   
[0012]            ldc 0         0x48000000 22     0        
[0013]            ldc 0         0x48000000 22     0        
[0014]            str 2 11      0x4C000003 23     3        
[0015]            str 2 0       0x4C000001 23     1        
[0016] $$0        nop          
[0017]            lod 2 0       0x40000001 20     1        
[0018]            lod 1 0       0x40000000 20     0        
[0019]            lt            0x64000000 31     0        
[0020]            fjp $$1       0x28000029 12     41       
[0021]            lda 2 1       0x44000002 21     2        
[0022]            lod 2 0       0x40000001 20     1        
[0023]            sub           0x84000000 41     0        
[0024]            lod 2 11      0x40000003 20     3        
[0025]            sti           0x54000000 25     0        
[0026]            lda 2 1       0x44000002 21     2        
[0027]            lod 2 0       0x40000001 20     1        
[0028]            sub           0x84000000 41     0        
[0029]            ldp           0x08000000 2      0        
[0030]            lod 2 0       0x40000001 20     1        
[0031]            push          0x0C000000 3      0        
[0032]            lda 2 1       0x44000002 21     2        
[0033]            push          0x0C000000 3      0        
[0034]            call sub      0x1000002E 4      46       
[0035]            sti           0x54000000 25     0        
[0036]            lod 2 11      0x40000003 20     3        
[0037]            lda 2 1       0x44000002 21     2        
[0038]            lod 2 0       0x40000001 20     1        
[0039]            sub           0x84000000 41     0        
[0040]            ldi           0x50000000 24     0        
[0041]            add           0x80000000 40     0        
[0042]            str 2 11      0x4C000003 23     3        
[0043]            lod 2 0       0x40000001 20     1        
[0044]            ldc 1         0x48000001 22     1        
[0045]            add           0x80000000 40     0        
[0046]            str 2 0       0x4C000001 23     1        
[0047]            ujp $$0       0x2000000A 10     10       
[0048] $$1        nop          
[0049]            ldp           0x08000000 2      0        
[0050]            lod 2 11      0x40000003 20     3        
[0051]            push          0x0C000000 3      0        
[0052]            call write    0x13FFFFFE 4      -2       
[0053]            ret           0x04000000 1      0        
[0054] sub        proc 3        0x00000003 0      3        
[0055]            sym 3 0 1    
[0056]            sym 3 1 1    
[0057]            sym 3 2 1    
[0058]            ldp           0x08000000 2      0        
[0059]            lda 3 2       0x44000006 21     6        
[0060]            push          0x0C000000 3      0        
[0061]            call read     0x13FFFFFF 4      -1       
[0062]            lod 3 2       0x40000006 20     6        
[0063]            lod 3 1       0x40000005 20     5        
[0064]            lod 3 0       0x40000004 20     4        
[0065]            sub           0x84000000 41     0        
[0066]            ldi           0x50000000 24     0        
[0067]            add           0x80000000 40     0        
[0068]            str 3 2       0x4C000006 23     6        
[0069]            lod 3 2       0x40000006 20     6        
[0070]            ret           0x04000002 1      2        

===========실행 결과=========
51711

========명령어 사용 횟수======
proc  =   2     ret   =   3     ldp   =   4    
push  =   4     call  =   4     ujp   =   1    
tjp   =   0     fjp   =   1     lod   =  14    
lda   =   5     ldc   =   4     str   =   6    
ldi   =   2     sti   =   2     gt    =   0    
lt    =   1     ge    =   0     le    =   0    
eq    =   0     ne    =   0     and   =   0    
or    =   0     add   =   3     sub   =   4    
mult  =   0     div   =   0     mod   =   0    
not   =   0     neg   =   0     dup   =   0    

======명령어 실행 횟수======
proc  =  11     ret   =  12     ldp   =  22    
push  =  31     call  =  22     ujp   =  10    
tjp   =   0     fjp   =  11     lod   = 133    
lda   =  50     ldc   =  13     str   =  33    
ldi   =  20     sti   =  20     gt    =   0    
lt    =  11     ge    =   0     le    =   0    
eq    =   0     ne    =   0     and   =   0    
or    =   0     add   =  30     sub   =  40    
mult  =   0     div   =   0     mod   =   0    
not   =   0     neg   =   0     dup   =   0    

======기타 통계======
메모리 접근 횟수 = 355
